// Jest Snapshot v1, https://goo.gl/fbAQLP

exports[`Page Imports should import CreatePodcast 1`] = `[Function]`;
