// Jest Snapshot v1, https://goo.gl/fbAQLP

exports[`Page Imports should import Discover Page 1`] = `[Function]`;
