// Jest Snapshot v1, https://goo.gl/fbAQLP

exports[`Page Imports should import HomePage 1`] = `[Function]`;
