// Jest Snapshot v1, https://goo.gl/fbAQLP

exports[`All Page Import should import All Pages 1`] = `[Function]`;

exports[`All Page Import should import All Pages 2`] = `[Function]`;
