// Jest Snapshot v1, https://goo.gl/fbAQLP

exports[`Page Imports should import RootLayout 1`] = `[Function]`;
